\unset ECHO
https://example.com/
t
t
ERROR:  permission denied to access "http://192.0.2.1/forbidden"
DETAIL:  whitelist does not permit this file or URL for the current role.

t
t
ERROR:  permission denied to access "https://example.com/"
DETAIL:  whitelist does not permit this file or URL for the current role.
t
t
ERROR:  permission denied to access "http://192.0.2.1/forbidden"
DETAIL:  whitelist does not permit this file or URL for the current role.
t
ERROR:  permission denied to access "/tmp/pg_curl_whitelist_test.txt"
DETAIL:  whitelist does not permit this file or URL for the current role.
t
t
t
ERROR:  permission denied to access "/etc/passwd"
DETAIL:  whitelist does not permit this file or URL for the current role.
t
t
ERROR:  permission denied to access "/tmp/../etc/passwd"
DETAIL:  whitelist does not permit this file or URL for the current role.
